adds(1.0, 1.0) == 2.0
2.000000
subs(3.0, 1.0) == 2.0
2.000000
muls(2.0, 1.0) == 2.0
2.000000
divs(4.0, 2.0) == 2.0
2.000000
abss(+2.0) == 2.0
2.000000
abss(-2.0) == 2.0
2.000000
negs(negs(+2.0)) == 2.0
2.000000
sqrts(4.0) == 2.0
2.000000
cvtws(1.1, RINT_0) == 1
1.000000
cvtws(1.1, CAST_1) == 1
1.000000
cvtws(1.1, CEIL_2) == 2
2.000000
cvtws(1.1, FLOOR_3) == 1
1.000000
cvtws(-1.1, RINT_0) == -1
-1.000000
cvtws(-1.1, CAST_1) == -1
-1.000000
cvtws(-1.1, CEIL_2) == -1
-1.000000
cvtws(-1.1, FLOOR_3) == -2
-2.000000
cvtws(1.9, RINT_0) == 2
2.000000
cvtws(1.9, CAST_1) == 1
1.000000
cvtws(1.9, CEIL_2) == 2
2.000000
cvtws(1.9, FLOOR_3) == 1
1.000000
cvtws(1.5, RINT_0) == 2
2.000000
cvtws(1.5, CAST_1) == 1
1.000000
cvtws(1.5, CEIL_2) == 2
2.000000
cvtws(1.5, FLOOR_3) == 1
1.000000