5.000000, 5.000000, 5.000000, 5.000000
17.000000, 13.000000, -5.000000, 11.000000
244.000000
51.000000, 39.000000, -15.000000, 33.000000
0
0
0
0