hex:FF0000FF
hex:00FF00FF
hex:0000FFFF
hex:00000000
hex:FF0000FF
hex:00FF00FF
hex:0000FFFF
hex:00000000
hex:FF0000FF
hex:00FF00FF
hex:0000FFFF
hex:00000000
hex:00000000
hex:00000000
hex:00000000
hex:00000000