testVertexAlignment
Struct Size: 12
FF000000,FF444444,FF888888,FFCCCCCC,
FF111111,FF555555,FF999999,FFDDDDDD,
FF222222,FF666666,FFAAAAAA,FFEEEEEE,
FF333333,FF777777,FFBBBBBB,FFFFFFFF,
testColorAdd
FF000000,FF000044,FF000088,FF0000CC,
FF000011,FF000055,FF000099,FF0000DD,
FF000022,FF000066,FF0000AA,FF0000EE,
FF000033,FF000077,FF0000BB,FF0000FF,