Starting fonttest...
sceFontNewLib: 1, 00000000
sceFontOpen: 1, 00000000