00000000
umdHandler called: 00000001, 00000032, 00001234
00000000
FFFFFFFF