float:17.000000
float:13.000000
float:-5.000000
float:11.000000
float:244.000000
float:51.000000
float:39.000000
float:-15.000000
float:33.000000
int:0
int:0
int:0
int:0