--
max 1, 7 -> 7
max 3, 1 -> 3
max -1, 0 -> 0
max -1, -10 -> -1
max 0, 0 -> 0
--
min 1, 7 -> 1
min 3, 1 -> 1
min -1, 0 -> -1
min -1, -10 -> -10
min 0, 0 -> 0
--
add 1, 7 -> 8
add 3, 1 -> 4
add -1, 0 -> -1
add -1, -10 -> -11
add 0, 0 -> 0
--
addu 1, 7 -> 8
addu 3, 1 -> 4
addu -1, 0 -> -1
addu -1, -10 -> -11
addu 0, 0 -> 0
--
sub 1, 7 -> -6
sub 3, 1 -> 2
sub -1, 0 -> -1
sub -1, -10 -> 9
sub 0, 0 -> 0
--
subu 1, 7 -> -6
subu 3, 1 -> 2
subu -1, 0 -> -1
subu -1, -10 -> 9
subu 0, 0 -> 0
--
clo 0x00000000 -> 0
clo 0x80000000 -> 1
clo 0xF0000000 -> 4
clo 0xF000000F -> 4
clo 0xFFFF000F -> 16
clo 0xF7FF000F -> 4
clo 0xFFFFFFFF -> 32
--
clz 0x00000000 -> 32
clz 0x0000000F -> 28
clz 0xF000000F -> 0
clz 0x0000007F -> 25
clz 0xFFFFFFFF -> 0