1
ms0:/PSP/GAME/virtual/io.elf
ms0:/PSP/GAME/virtual
ms0:/PSP/GAME/virtual
(chdir error)
ms0:/PSP/GAME
ms0:/PSP/SAVEDATA
ms0:
ms0:
ms0:/PSP
ms0:/PSP/GAME
ms0:
ms0:/PSP/GAME
flash0:
ms0:/PSP
1
1
io.c
io.elf
io.expected
GAME