Hello World. This is a test to check if sceDmacMemcpy works.

Hello World. This is a test to check if sceDmacMemcpy works.
0
0