1
0
powerHandler called: 00000001, 00001000, 00001234
00000000
00000000