Checking sceRtcGetCurrentTick
1
Checking sceRtcGetDaysInMonth
sceRtcGetDaysInMonth:2010, 4
30
Checking sceRtcGetDayOfWeek
sceRtcGetDayOfWeek:2010, 4, 27
1
