beforeEnableVblankCallback
afterEnableVblankCallback
vblankCallback(7)
ended